AWSTemplateFormatVersion: 2010-09-09
Description: Tenant Cluster Control Plane Initializer Cloud Formation Stack.
Resources:
  PeerRole:
    Type: 'AWS::IAM::Role'
    Properties:
      RoleName: 8y5ck-vpc-peer-access
      AssumeRolePolicyDocument:
        Statement:
          - Principal:
              AWS: 'tenant-account'
            Action:
              - 'sts:AssumeRole'
            Effect: Allow
      Path: /
      Policies:
        - PolicyName: root
          PolicyDocument:
            Version: 2012-10-17
            Statement:
              - Effect: Allow
                Action: 'ec2:AcceptVpcPeeringConnection'
                Resource: '*'
